esptool v5.3.1
Serial port /dev/cu.usbmodem1101:
Connecting...
Connected to ESP32-S3 on /dev/cu.usbmodem1101:
Chip type:          ESP32-S3 (QFN56) (revision v0.2)
Features:           Wi-Fi, BT 5 (LE), Dual Core + LP Core, 240MHz, Embedded PSRAM 8MB (AP_3v3)
Crystal frequency:  40MHz
USB mode:           USB-Serial/JTAG
MAC:                9c:13:9e:af:c3:b0

Uploading stub flasher...
Running stub flasher...
Stub flasher running.
Changing baud rate to 460800...
Changed.

Configuring flash size...

Writing 'bootloader/bootloader.bin' at 0x00000000...
SHA digest in image updated.
Flash will be erased from 0x00000000 to 0x00005fff...
Compressed 21136 bytes to 13595...

Writing at 0x00000000 [                              ]   0.0% 0/13595 bytes...

Writing at 0x00005290 [==============================] 100.0% 13595/13595 bytes...
Wrote 21136 bytes (13595 compressed) at 0x00000000 in 0.2 seconds (816.6 kbit/s).
Verifying written data...
Hash of data verified.

Writing 'partition_table/partition-table.bin' at 0x00008000...
Flash will be erased from 0x00008000 to 0x00008fff...
Compressed 3072 bytes to 145...

Writing at 0x00008000 [                              ]   0.0% 0/145 bytes...

Writing at 0x00008c00 [==============================] 100.0% 145/145 bytes...
Wrote 3072 bytes (145 compressed) at 0x00008000 in 0.0 seconds (1120.9 kbit/s).
Verifying written data...
Hash of data verified.

Writing 'ota_data_initial.bin' at 0x0000f000...
Flash will be erased from 0x0000f000 to 0x00010fff...
Compressed 8192 bytes to 31...

Writing at 0x0000f000 [                              ]   0.0% 0/31 bytes...

Writing at 0x00011000 [==============================] 100.0% 31/31 bytes...
Wrote 8192 bytes (31 compressed) at 0x0000f000 in 0.0 seconds (1810.8 kbit/s).
Verifying written data...
Hash of data verified.

Writing 'automatrix_pvdg_waveshare_800x480.bin' at 0x00020000...
Flash will be erased from 0x00020000 to 0x0023bfff...
Compressed 2208048 bytes to 1093028...

Writing at 0x00020000 [                              ]   0.0% 0/1093028 bytes...

Writing at 0x0002c8ed [                              ]   1.5% 16384/1093028 bytes...

Writing at 0x00039db0 [                              ]   3.0% 32768/1093028 bytes...

Writing at 0x00045d10 [>                             ]   4.5% 49152/1093028 bytes...

Writing at 0x00057e5d [>                             ]   6.0% 65536/1093028 bytes...

Writing at 0x0006cf15 [=>                            ]   7.5% 81920/1093028 bytes...

Writing at 0x0007dc51 [=>                            ]   9.0% 98304/1093028 bytes...

Writing at 0x0008f3f8 [==>                           ]  10.5% 114688/1093028 bytes...

Writing at 0x000a19a7 [==>                           ]  12.0% 131072/1093028 bytes...

Writing at 0x000b1f75 [===>                          ]  13.5% 147456/1093028 bytes...

Writing at 0x000c4ee7 [===>                          ]  15.0% 163840/1093028 bytes...

Writing at 0x000d7fcf [===>                          ]  16.5% 180224/1093028 bytes...

Writing at 0x000e9e34 [====>                         ]  18.0% 196608/1093028 bytes...

Writing at 0x000f1737 [====>                         ]  19.5% 212992/1093028 bytes...

Writing at 0x000fb2d4 [=====>                        ]  21.0% 229376/1093028 bytes...

Writing at 0x001025e2 [=====>                        ]  22.5% 245760/1093028 bytes...

Writing at 0x0010e369 [======>                       ]  24.0% 262144/1093028 bytes...

Writing at 0x00114b9d [======>                       ]  25.5% 278528/1093028 bytes...

Writing at 0x0011ad12 [=======>                      ]  27.0% 294912/1093028 bytes...

Writing at 0x00120ba2 [=======>                      ]  28.5% 311296/1093028 bytes...

Writing at 0x00126d17 [=======>                      ]  30.0% 327680/1093028 bytes...

Writing at 0x0012d001 [========>                     ]  31.5% 344064/1093028 bytes...

Writing at 0x001334fd [========>                     ]  33.0% 360448/1093028 bytes...

Writing at 0x0013955e [=========>                    ]  34.5% 376832/1093028 bytes...

Writing at 0x0013f4fa [=========>                    ]  36.0% 393216/1093028 bytes...

Writing at 0x0014555f [==========>                   ]  37.5% 409600/1093028 bytes...

Writing at 0x0014b336 [==========>                   ]  39.0% 425984/1093028 bytes...

Writing at 0x00150f09 [===========>                  ]  40.5% 442368/1093028 bytes...

Writing at 0x00157451 [===========>                  ]  42.0% 458752/1093028 bytes...

Writing at 0x0015cfd5 [============>                 ]  43.5% 475136/1093028 bytes...

Writing at 0x00162da0 [============>                 ]  45.0% 491520/1093028 bytes...

Writing at 0x00169c00 [============>                 ]  46.5% 507904/1093028 bytes...

Writing at 0x0016f66c [=============>                ]  48.0% 524288/1093028 bytes...

Writing at 0x001752bf [=============>                ]  49.5% 540672/1093028 bytes...

Writing at 0x0017b14c [==============>               ]  51.0% 557056/1093028 bytes...

Writing at 0x0018151b [==============>               ]  52.5% 573440/1093028 bytes...

Writing at 0x00189d11 [===============>              ]  54.0% 589824/1093028 bytes...

Writing at 0x00191490 [===============>              ]  55.5% 606208/1093028 bytes...

Writing at 0x00197d3c [================>             ]  57.0% 622592/1093028 bytes...

Writing at 0x0019db19 [================>             ]  58.5% 638976/1093028 bytes...

Writing at 0x001a35ca [================>             ]  60.0% 655360/1093028 bytes...

Writing at 0x001a92b6 [=================>            ]  61.5% 671744/1093028 bytes...

Writing at 0x001af043 [=================>            ]  63.0% 688128/1093028 bytes...

Writing at 0x001b4cf7 [==================>           ]  64.5% 704512/1093028 bytes...

Writing at 0x001ba7cc [==================>           ]  66.0% 720896/1093028 bytes...

Writing at 0x001bfdc9 [===================>          ]  67.5% 737280/1093028 bytes...

Writing at 0x001c52a8 [===================>          ]  69.0% 753664/1093028 bytes...

Writing at 0x001cac9c [====================>         ]  70.5% 770048/1093028 bytes...

Writing at 0x001d01b9 [====================>         ]  71.9% 786432/1093028 bytes...

Writing at 0x001d54e1 [=====================>        ]  73.4% 802816/1093028 bytes...

Writing at 0x001da4ae [=====================>        ]  74.9% 819200/1093028 bytes...

Writing at 0x001dfd7a [=====================>        ]  76.4% 835584/1093028 bytes...

Writing at 0x001e54e4 [======================>       ]  77.9% 851968/1093028 bytes...

Writing at 0x001ea9e7 [======================>       ]  79.4% 868352/1093028 bytes...

Writing at 0x001efdfa [=======================>      ]  80.9% 884736/1093028 bytes...

Writing at 0x001f53d0 [=======================>      ]  82.4% 901120/1093028 bytes...

Writing at 0x001fb3a3 [========================>     ]  83.9% 917504/1093028 bytes...

Writing at 0x00200ca8 [========================>     ]  85.4% 933888/1093028 bytes...

Writing at 0x00206933 [=========================>    ]  86.9% 950272/1093028 bytes...

Writing at 0x0020c881 [=========================>    ]  88.4% 966656/1093028 bytes...

Writing at 0x00211ebe [=========================>    ]  89.9% 983040/1093028 bytes...

Writing at 0x00218b8b [==========================>   ]  91.4% 999424/1093028 bytes...

Writing at 0x0021ea0f [==========================>   ]  92.9% 1015808/1093028 bytes...

Writing at 0x0022503c [===========================>  ]  94.4% 1032192/1093028 bytes...

Writing at 0x0022ae4f [===========================>  ]  95.9% 1048576/1093028 bytes...

Writing at 0x0023175a [============================> ]  97.4% 1064960/1093028 bytes...

Writing at 0x00236bb3 [============================> ]  98.9% 1081344/1093028 bytes...

Writing at 0x0023b130 [==============================] 100.0% 1093028/1093028 bytes...
Wrote 2208048 bytes (1093028 compressed) at 0x00020000 in 11.4 seconds (1545.1 kbit/s).
Verifying written data...
Hash of data verified.

Hard resetting via RTS pin...
