ESP-ROM:esp32s3-20210327
Build:Mar 27 2021
rst:0x15 (USB_UART_CHIP_RESET),boot:0x8 (SPI_FAST_FLASH_BOOT)
Saved PC:0x4037cb3e
SPIWP:0xee
mode:DIO, clock div:1
load:0x3fce2820,len:0x14f0
load:0x403c8700,len:0xda0
load:0x403cb700,len:0x2fa0
entry 0x403c8908
I (24) boot: ESP-IDF v6.0.1 2nd stage bootloader
I (24) boot: compile time Sep 12 2026 06:27:18
I (25) boot: Multicore bootloader
I (25) boot: chip revision: v0.2
I (27) boot: efuse block revision: v1.3
I (31) boot.esp32s3: Boot SPI Speed : 80MHz
I (35) boot.esp32s3: SPI Mode       : DIO
I (39) boot.esp32s3: SPI Flash Size : 16MB
I (43) boot: Enabling RNG early entropy source...
I (47) boot: Partition Table:
I (50) boot: ## Label            Usage          Type ST Offset   Length
I (56) boot:  0 nvs              WiFi data        01 02 00009000 00006000
I (62) boot:  1 otadata          OTA data         01 00 0000f000 00002000
I (69) boot:  2 phy_init         RF data          01 01 00011000 00001000
I (75) boot:  3 ota_0            OTA app          00 10 00020000 00300000
I (82) boot:  4 ota_1            OTA app          00 11 00320000 00300000
I (89) boot:  5 storage          Unknown data     01 82 00620000 001e0000
I (95) boot: End of partition table
I (98) esp_image: segment 0: paddr=00020020 vaddr=3c120020 size=e83d0h (951248) map
I (276) esp_image: segment 1: paddr=001083f8 vaddr=3fc9ae00 size=05964h ( 22884) load
I (281) esp_image: segment 2: paddr=0010dd64 vaddr=40374000 size=022b4h (  8884) load
I (284) esp_image: segment 3: paddr=00110020 vaddr=42000020 size=116634h (1140276) map
I (492) esp_image: segment 4: paddr=0022665c vaddr=403762b4 size=14a7ch ( 84604) load
I (511) esp_image: segment 5: paddr=0023b0e0 vaddr=50000000 size=00024h (    36) load
I (522) boot: Loaded app from partition at offset 0x20000
I (522) boot: Disabling RNG early entropy source...
I (532) octal_psram: vendor id    : 0x0d (AP)
I (532) octal_psram: dev id       : 0x02 (generation 3)
I (533) octal_psram: density      : 0x03 (64 Mbit)
I (535) octal_psram: good-die     : 0x01 (Pass)
I (539) octal_psram: Latency      : 0x01 (Fixed)
I (543) octal_psram: VCC          : 0x01 (3V)
I (547) octal_psram: SRF          : 0x01 (Fast Refresh)
I (552) octal_psram: BurstType    : 0x01 (Hybrid Wrap)
I (557) octal_psram: BurstLen     : 0x01 (32 Byte)
I (562) octal_psram: Readlatency  : 0x02 (10 cycles@Fixed)
I (567) octal_psram: DriveStrength: 0x00 (1/1)
I (571) MSPI Timing: Enter psram timing tuning
I (576) esp_psram: Found 8MB PSRAM device
I (579) esp_psram: Speed: 80MHz
I (662) mmu_psram: Read only data copied and mapped to SPIRAM
I (769) mmu_psram: Instructions copied and mapped to SPIRAM
I (770) cpu_start: Multicore app
I (994) esp_psram: SPI SRAM memory test OK
I (1002) cpu_start: GPIO 44 and 43 are used as console UART I/O pins
I (1002) cpu_start: Pro cpu start user code
I (1002) cpu_start: cpu freq: 240000000 Hz
I (1004) app_init: Application information:
I (1008) app_init: Project name:     automatrix_pvdg_waveshare_800x4
I (1014) app_init: App version:      72a1a82
I (1018) app_init: Compile time:     Sep 12 2026 06:27:58
I (1023) app_init: ELF file SHA256:  874d34972...
I (1028) app_init: ESP-IDF:          v6.0.1
I (1032) efuse_init: Min chip rev:     v0.0
I (1036) efuse_init: Max chip rev:     v0.99
I (1040) efuse_init: Chip rev:         v0.2
I (1044) heap_init: Initializing. RAM available for dynamic allocation:
I (1050) heap_init: At 3FCBDC70 len 0002BAA0 (174 KiB): RAM
I (1055) heap_init: At 3FCE9710 len 00005724 (21 KiB): RAM
I (1061) heap_init: At 3FCF0000 len 00008000 (32 KiB): DRAM
I (1066) heap_init: At 600FE000 len 00001FE8 (7 KiB): RTCRAM
I (1071) esp_psram: Adding pool of 6080K of PSRAM memory to heap allocator
I (1078) esp_psram: Adding pool of 31K of PSRAM memory gap generated due to end address alignment of drom to the heap allocator
I (1089) spi_flash: detected chip: generic
I (1093) spi_flash: flash io: dio
I (1096) sleep_gpio: Configure to isolate all GPIO pins in sleep state
I (1102) sleep_gpio: Enable automatic switching of GPIO sleep configuration
I (1109) main_task: Started on CPU0
I (1112) esp_psram: Reserving pool of 96K of internal memory for DMA/internal allocations
I (1120) main_task: Calling app_main()
I (1123) waveshare_product: Reserving native 800x480 Waveshare LCD/touch DMA before Core
I (1131) waveshare_product: RGB live-update mode: DOUBLE_DIRECT anti-tear, 2 PSRAM framebuffers, 12-line bounce, pclk=12000000 Hz
I (1142) waveshare_product: Before LCD DMA reservation: internal DMA free=206487 largest=94208
I (1151) waveshare_display: RGB 800x480 pclk=12000000 Hz frame_buffers=2 bounce_lines=12 internal_dma_free=202019 largest=94208
I (1195) waveshare_display: RGB refill interrupt pinned to CPU1, away from Product Core critical sections
I (1596) GT911: I2C address initialization procedure skipped - using default GT9xx setup
I (1596) GT911: TouchPad_ID:0x39,0x31,0x31
I (1597) GT911: TouchPad_Config_Version:70
I (1600) waveshare_product: After LCD DMA reservation: internal DMA free=166851 largest=94208
I (1608) waveshare_product: Native screen DMA resources reserved before Core startup
I (1616) waveshare_product: Before Product Core init: internal DMA free=166851 largest=94208
I (1624) app_core: Initializing configuration
I (1636) solar_grid_cfg: Loaded persisted Solar-Grid policy 'minimum_import'; grid evidence not configured; generator 1 evidence not configured
I (1641) ota_manager: OTA slots ready: running=ota_0 boot=ota_0 next=ota_1 rollback=enabled pending_verify=no
I (1650) app_core: Initializing network
I (1654) wifi_manager: Profiles: primary 'Rao', fallback '' (disabled), recovery AP 'Automatrix-PVDG-Setup'
I (1665) pp: pp rom version: e7ae62f
I (1667) net80211: net80211 rom version: e7ae62f
I (1672) wifi:wifi driver task: 3fced9e4, prio:23, stack:6656, core=0
I (1680) wifi:wifi firmware version: b37c951
I (1681) wifi:wifi certification version: v7.0
I (1685) wifi:config NVS flash: enabled
I (1689) wifi:config nano formatting: disabled
I (1693) wifi:Init data frame dynamic rx buffer num: 32
I (1698) wifi:Init static rx mgmt buffer num: 5
I (1702) wifi:Init management short buffer num: 32
I (1707) wifi:Init static tx buffer num: 4
I (1711) wifi:Init tx cache buffer num: 32
I (1714) wifi:Init static tx FG buffer num: 2
I (1718) wifi:Init static rx buffer size: 1600
I (1723) wifi:Init static rx buffer num: 4
I (1726) wifi:Init dynamic rx buffer num: 32
I (1731) wifi_init: rx ba win: 8
I (1733) wifi_init: accept mbox: 6
I (1736) wifi_init: tcpip mbox: 32
I (1740) wifi_init: udp mbox: 6
I (1742) wifi_init: tcp mbox: 6
I (1745) wifi_init: tcp tx win: 5760
I (1749) wifi_init: tcp rx win: 5760
I (1752) wifi_init: tcp mss: 1440
I (1755) wifi_init: WiFi/LWIP prefer SPIRAM
I (1759) wifi_init: WiFi IRAM OP enabled
I (1762) wifi_init: WiFi RX IRAM OP enabled
I (1767) phy_init: phy_version 711,97bcf0a2,Aug 25 2025,19:04:10
I (1802) wifi:mode : sta (9c:13:9e:af:c3:b0)
I (1802) wifi:enable tsf
W (1804) source_config: Source detection is not commissioned; safe disabled defaults loaded
I (1806) meters: Serializing 3 meters on shared Modbus gateway 192.168.0.102:1502 with 75 ms inter-session settle
W (1817) control: Automatic Solar-Grid control remains fail-closed: explicit grid availability and breaker evidence are not configured
I (1827) source_detect: Source detection stack headroom: 3052 bytes of 4096
I (1834) engineering_auth: Engineering password authentication enabled
I (1840) em500_cache: background acquisition cache started
I (1846) meter_read_jobs: bounded background read-job queue started
I (1855) waveshare_product: Shared Product Core started
I (1856) waveshare_product: After Product Core init: internal DMA free=67367 largest=36864
I (1865) waveshare_product: Espressif flash dispatcher ready; PSRAM-stacked HMI persistence is routed through internal RAM
I (1875) waveshare_product: LVGL activation stage 1/6: adapter init
I (1881) esp_lvgl:adapter: LVGL adapter initialized successfully
I (1887) waveshare_product: LVGL activation stage 2/6: display registration
I (1936) waveshare_product: LVGL activation stage 3/6: touch registration
W (1936) esp_lvgl:touch: LV_USE_GESTURE_RECOGNITION is disabled; only single-point pointer events are available
I (1942) esp_lvgl:touch: Touch input device registered successfully (IRQ mode: disabled)
I (1949) waveshare_product: LVGL activation stage 4/6: adapter task start
I (1964) esp_lvgl:adapter: LVGL task started successfully
I (1965) waveshare_product: LVGL activation stage 5/6: create visible Overview (lock timeout=2000 ms)
I (2054) waveshare_product: LVGL activation stage 6/6: backlight on
I (2055) waveshare_product: After LVGL/UI activation: internal DMA free=46103 largest=34816
I (2058) waveshare_product: Native LCD/LVGL/touch ready; awaiting existing Core data
I (2065) screen_backend: Read-only in-process Core provider ready; socket/TCP self-transport removed
I (2252) waveshare_product: Local Engineering commissioning backend bound to touchscreen
I (2286) waveshare_product: Local source-evidence commissioning backend bound to touchscreen
I (2286) waveshare_product: Local network (Wi-Fi) backend bound to touchscreen
I (2291) screen_backend: Core read models reachable in-process; screen data path online
I (2323) waveshare_product: Screen refresh task created in PSRAM
I (2324) waveshare_product: Screen read models bound in-process; commissioning writes require local Engineering unlock
I (2329) waveshare_product: Main-task headroom 6528 bytes; free heap 4499112 (minimum 4496820)
I (2337) main_task: Returned from app_main()
I (6304) wifi_manager: Scan found 9 APs; primary 'Rao' not visible, fallback '(disabled)' not visible
W (6305) wifi_manager: Primary SSID 'Rao' not visible in scan; attempting it anyway
W (6310) wifi:Password length matches WPA2 standards, authmode threshold changes from OPEN to WPA2
I (6319) wifi_manager: Connecting to primary SSID 'Rao' using DHCP
W (6816) meters: Grid Meter: network unavailable or no route to host (ESP_ERR_INVALID_STATE) reading 192.168.0.102:1502 [failure 1]
W (6891) meters: GEN-1: network unavailable or no route to host (ESP_ERR_INVALID_STATE) reading 192.168.0.102:1502 [failure 1]
W (6966) meters: GEN-2: network unavailable or no route to host (ESP_ERR_INVALID_STATE) reading 192.168.0.102:1502 [failure 1]
W (8731) wifi_manager: Disconnected from primary profile, reason=201; retry 1/5
W (11138) wifi_manager: Disconnected from primary profile, reason=201; retry 2/5
W (13545) wifi_manager: Disconnected from primary profile, reason=201; retry 3/5
W (15952) wifi_manager: Disconnected from primary profile, reason=201; retry 4/5
W (18359) wifi_manager: Disconnected from primary profile, reason=201; retry 5/5
W (20766) wifi_manager: All configured STA profiles exhausted (last reason=201); enabling recovery AP
I (20767) wifi:mode : sta (9c:13:9e:af:c3:b0) + softAP (9c:13:9e:af:c3:b1)
I (20771) wifi:Total power save buffer number: 2
I (20775) wifi:Init max length of beacon: 752/752
I (20780) wifi:Init max length of beacon: 752/752
I (20853) wifi:Total power save buffer number: 2
W (20853) wifi_manager: No configured STA available; setup AP 'Automatrix-PVDG-Setup' is active
I (20854) esp_netif_lwip: DHCP server started on interface WIFI_AP_DEF with IP: 192.168.4.1
I (20864) esp_netif_lwip: DHCP server started on interface WIFI_AP_DEF with IP: 192.168.4.1
I (53755) wifi_manager: Scan found 8 APs; primary 'Rao' not visible, fallback '(disabled)' not visible
I (61291) waveshare_product: Screen soak: heap free=4500940 min=4492388 | PSRAM free=4476696 largest=4456448 | DMA free=51535 largest=34816 | screen stack hwm=7596
I (61301) waveshare_product: Screen soak stack: screen_refresh   hwm=7596 prio=5
I (61306) waveshare_product: Screen soak stack: IDLE1            hwm=760 prio=0
I (61313) waveshare_product: Screen soak stack: IDLE0            hwm=764 prio=0
I (61320) waveshare_product: Screen soak stack: meter_read_jobs  hwm=2916 prio=3
I (61327) waveshare_product: Screen soak stack: pvdg_control     hwm=2464 prio=10
I (61334) waveshare_product: Screen soak stack: inv_telemetry    hwm=4452 prio=5
I (61342) waveshare_product: Screen soak stack: tcpip            hwm=2176 prio=18
I (61349) waveshare_product: Screen soak stack: op_history       hwm=3908 prio=4
I (61356) waveshare_product: Screen soak stack: meter_0          hwm=2576 prio=8
I (61363) waveshare_product: Screen soak stack: meter_1          hwm=2460 prio=8
I (61370) waveshare_product: Screen soak stack: meter_2          hwm=2584 prio=8
I (61377) waveshare_product: Screen soak stack: wifi_manager     hwm=4388 prio=12
I (61384) waveshare_product: Screen soak stack: em500_cache      hwm=5480 prio=4
I (61392) waveshare_product: Screen soak stack: ipc1             hwm=604 prio=24
I (61399) waveshare_product: Screen soak stack: Tmr Svc          hwm=1380 prio=1
I (61406) waveshare_product: Screen soak stack: source_detect    hwm=2860 prio=5
I (61413) waveshare_product: Screen soak stack: httpd            hwm=7128 prio=5
I (61420) waveshare_product: Screen soak stack: flash_dispatche  hwm=1328 prio=10
I (61427) waveshare_product: Screen soak stack: sys_evt          hwm=1660 prio=20
I (61434) waveshare_product: Screen soak stack: wifi             hwm=4424 prio=23
I (61442) waveshare_product: Screen soak stack: lvgl             hwm=6124 prio=6
I (61449) waveshare_product: Screen soak stack: esp_timer        hwm=3008 prio=22
I (61456) waveshare_product: Screen soak stack: ipc0             hwm=592 prio=24
