=== boot capture from idf.py monitor retry ===
python.exe : --- Warning: GDB cannot open serial ports accessed as COMx
At C:\Users\Mubasher\AppData\Local\Temp\esp_idf_activate_Mubasher\activate_vyp_t7_j.ps1:12 char:19
+ function idf.py { &python "$Env:IDF_PATH\tools\idf.py" $args }
+                   ~~~~~~~~~~~~~~~~~~~~~~~~~~~~~~~~~~~~~~~~~~
    + CategoryInfo          : NotSpecified: (--- Warning: GD...ccessed as COMx:String) [], RemoteException
    + FullyQualifiedErrorId : NativeCommandError
 

--- Using \\.\COM5 instead...

--- esp-idf-monitor 1.9.0 on \\.\COM5 115200

--- Quit: Ctrl+] | Menu: Ctrl+T | Help: Ctrl+T followed by Ctrl+H
Executing action: monitor
Running idf_monitor in directory D:\Working\esp32_firmware
Executing "C:\Espressif\python_env\idf6.0_py3.14_env\Scripts\python.exe C:\esp\v6.0.1\esp-idf\tools/idf_monitor.py -p COM5 -b 115200 --toolchain-prefix xtensa-esp32s3-elf- --target esp32s3 --revision 0 D:\Working\esp32_firmware\build\automatrix_pvdg.elf D:\Working\esp32_firmware\build\bootloader\bootloader.elf --force-color -m 'C:\Espressif\python_env\idf6.0_py3.14_env\Scripts\python.exe' 'C:\esp\v6.0.1\esp-idf\tools\idf.py' '-p' 'COM5'"...
ESP-ROM:esp32s3-20210327

Build:Mar 27 2021

rst:0x15 (USB_UART_CHIP_RESET),boot:0x8 (SPI_FAST_FLASH_BOOT)

Saved PC:0x4037b2ee

--- 0x4037b2ee: esp_cache_freeze_caches_disable_interrupts at 
C:/Espressif/frameworks/esp-idf-v5.5.4/components/esp_mm/esp_cache_utils.c:95
SPIWP:0xee

mode:DIO, clock div:1

load:0x3fce2820,len:0x14f0

load:0x403c8700,len:0xda0

--- 0x403c8700: _stext at ??:?
load:0x403cb700,len:0x2f58

entry 0x403c8908

--- 0x403c8908: _stext at ??:?
I (24) boot: ESP-IDF v6.0.1 2nd stage bootloader

I (24) boot: compile time Jul 27 2026 10:24:30

I (25) boot: Multicore bootloader

I (25) boot: chip revision: v0.2

I (27) boot: efuse block revision: v1.3

I (31) boot.esp32s3: Boot SPI Speed : 80MHz

I (35) boot.esp32s3: SPI Mode       : DIO

I (39) boot.esp32s3: SPI Flash Size : 16MB

I (43) boot: Enabling RNG early entropy source...

I (47) boot: Partition Table:

I (50) boot: ## Label            Usage          Type ST Offset   Length

I (56) boot:  0 nvs              WiFi data        01 02 00009000 00006000

I (62) boot:  1 otadata          OTA data         01 00 0000f000 00002000

I (69) boot:  2 phy_init         RF data          01 01 00011000 00001000

I (75) boot:  3 ota_0            OTA app          00 10 00020000 00300000

I (82) boot:  4 ota_1            OTA app          00 11 00320000 00300000

I (89) boot:  5 storage          Unknown data     01 82 00620000 001e0000

I (95) boot: End of partition table

I (98) esp_image: segment 0: paddr=00020020 vaddr=3c0a0020 size=3eb88h (256904) map

I (152) esp_image: segment 1: paddr=0005ebb0 vaddr=3fc97800 size=01468h (  5224) load

I (153) esp_image: segment 2: paddr=00060020 vaddr=42000020 size=9c444h (640068) map

I (270) esp_image: segment 3: paddr=000fc46c vaddr=3fc98c68 size=03c28h ( 15400) load

I (274) esp_image: segment 4: paddr=0010009c vaddr=40374000 size=137d4h ( 79828) load

I (292) esp_image: segment 5: paddr=00113878 vaddr=50000000 size=00024h (    36) load

I (301) boot: Loaded app from partition at offset 0x20000

I (301) boot: Disabling RNG early entropy source...

I (311) cpu_start: Multicore app

I (320) cpu_start: GPIO 44 and 43 are used as console UART I/O pins

I (320) cpu_start: Pro cpu start user code

I (320) cpu_start: cpu freq: 240000000 Hz

I (322) app_init: Application information:

I (326) app_init: Project name:     automatrix_pvdg

I (330) app_init: App version:      7ebf5ed

I (334) app_init: Compile time:     Jul 27 2026 10:24:09

I (339) app_init: ELF file SHA256:  01c7a5ea2...

--- Warning: Checksum mismatch between flashed and built applications. Checksum of built application is 
a9ac542fa9f69c3baffa9c85425ae9aacb989d6b079b209da90bb83af8978137
I (344) app_init: ESP-IDF:          v6.0.1

I (347) efuse_init: Min chip rev:     v0.0

I (351) efuse_init: Max chip rev:     v0.99 

I (355) efuse_init: Chip rev:         v0.2

I (359) heap_init: Initializing. RAM available for dynamic allocation:

I (365) heap_init: At 3FCA2C70 len 00046AA0 (282 KiB): RAM

I (371) heap_init: At 3FCE9710 len 00005724 (21 KiB): RAM

I (376) heap_init: At 3FCF0000 len 00008000 (32 KiB): DRAM

I (381) heap_init: At 600FE000 len 00001FE8 (7 KiB): RTCRAM

I (387) spi_flash: detected chip: boya

I (390) spi_flash: flash io: dio

I (393) sleep_gpio: Configure to isolate all GPIO pins in sleep state

I (399) sleep_gpio: Enable automatic switching of GPIO sleep configuration

I (406) main_task: Started on CPU0

I (416) main_task: Calling app_main()

I (416) app_core: Initializing configuration

I (436) app_core: Initializing network

I (436) wifi_manager: Profiles: primary 'Tenda_69B540', fallback '' (disabled), recovery AP 'Automatrix-PVDG-Setup'

I (436) pp: pp rom version: e7ae62f

I (436) net80211: net80211 rom version: e7ae62f

I (446) main_task: Returned from app_main()

I (456) wifi:wifi driver task: 3fcaa864, prio:23, stack:6656, core=0

I (466) wifi:wifi firmware version: b37c951

I (466) wifi:wifi certification version: v7.0

I (466) wifi:config NVS flash: enabled

I (466) wifi:config nano formatting: disabled

I (466) wifi:Init data frame dynamic rx buffer num: 32

I (476) wifi:Init static rx mgmt buffer num: 5

I (476) wifi:Init management short buffer num: 32

I (486) wifi:Init dynamic tx buffer num: 32

I (486) wifi:Init static tx FG buffer num: 2

I (496) wifi:Init static rx buffer size: 1600

I (496) wifi:Init static rx buffer num: 10

I (496) wifi:Init dynamic rx buffer num: 32

I (506) wifi_init: rx ba win: 6

I (506) wifi_init: accept mbox: 6

I (506) wifi_init: tcpip mbox: 32

I (516) wifi_init: udp mbox: 6

I (516) wifi_init: tcp mbox: 6

I (516) wifi_init: tcp tx win: 5760

I (526) wifi_init: tcp rx win: 5760

I (526) wifi_init: tcp mss: 1440

I (526) wifi_init: WiFi IRAM OP enabled

I (536) wifi_init: WiFi RX IRAM OP enabled

I (536) phy_init: phy_version 711,97bcf0a2,Aug 25 2025,19:04:10

I (576) wifi:mode : sta (3c:0f:02:d9:8e:1c)

I (576) wifi:enable tsf

I (576) app_main: Bootstrap stack headroom: 10540 bytes of 12288; free heap 247044 bytes (min 247044)

I (586) app_main: PV-DG controller started

I (5076) wifi_manager: Scan found 9 APs; primary 'Tenda_69B540' visible, fallback '(disabled)' not visible

W (5076) wifi:Password length matches WPA2 standards, authmode threshold changes from OPEN to WPA2

I (5076) wifi_manager: Connecting to primary SSID 'Tenda_69B540' using DHCP

W (5576) meters: Grid Meter: network unavailable or no route to host (ESP_ERR_INVALID_STATE) reading 192.168.0.200:502 [failure 1]

I (7566) wifi:new:<11,0>, old:<1,0>, ap:<255,255>, sta:<11,0>, prof:1, snd_ch_cfg:0x0

I (7566) wifi:state: init -> auth (0xb0)

I (7586) wifi:state: auth -> assoc (0x0)

I (7606) wifi:state: assoc -> run (0x10)

I (7626) wifi:connected with Tenda_69B540, aid = 4, channel 11, BW20, bssid = b4:0f:3b:69:b5:40

I (7626) wifi:security: WPA2-PSK, phy: bgn, rssi: -56, cipher(pairwise:0x3, group:0x3), pmf:0

I (7626) wifi:pm start, type: 1



I (7626) wifi:dp: 1, bi: 102400, li: 3, scale listen interval from 307200 us to 307200 us

I (7636) wifi:set rx beacon pti, rx_bcn_pti: 0, bcn_timeout: 25000, mt_pti: 0, mt_time: 10000

I (7656) wifi:<ba-add>idx:0 (ifx:0, b4:0f:3b:69:b5:40), tid:0, ssn:2, winSize:64

I (7726) wifi:AP's beacon interval = 102400 us, DTIM period = 1

I (10686) esp_netif_handlers: sta ip: 192.168.0.102, mask: 255.255.255.0, gw: 192.168.0.1

I (10686) wifi_manager: Ready: SSID=Tenda_69B540 IP=192.168.0.102 GW=192.168.0.1 MASK=255.255.255.0 RSSI=-60

I (10726) meters: Grid Meter back online after 2 failed polls

=== passive 100 second runtime capture ===
--- 100 second passive runtime capture start ---
W (58776) httpd_uri: httpd_uri: URI '/api/info' not found
W (58776) httpd_txrx: httpd_resp_send_err: 404 Not Found - Nothing matches the given URI
W (136286) meters: Grid Meter: TCP timeout, no response (ESP_ERR_TIMEOUT) reading 192.168.0.200:502 [failure 1]
I (136656) meters: Grid Meter back online after 1 failed polls
W (139316) meters: Grid Meter: TCP timeout, no response (ESP_ERR_TIMEOUT) reading 192.168.0.200:502 [failure 1]

--- 100 second passive runtime capture end ---
