dashboard-1440x900-light-operator: 0 issues, 0 console, 27 reqs (0 >=400), useful 14.5%, words 514
meters-1440x900-light-operator: 0 issues, 0 console, 27 reqs (0 >=400), useful 6%, words 169
inverters-1440x900-light-operator: 0 issues, 0 console, 29 reqs (0 >=400), useful 4.5%, words 178
control-1440x900-light-operator: 0 issues, 0 console, 26 reqs (0 >=400), useful 7%, words 28
alarms-1440x900-light-operator: 0 issues, 0 console, 25 reqs (0 >=400), useful 20.9%, words 1261
wifi-1440x900-light-operator: 0 issues, 0 console, 26 reqs (0 >=400), useful 7%, words 28
system-1440x900-light-operator: 0 issues, 0 console, 26 reqs (0 >=400), useful 7%, words 28
commissioning-1440x900-light-operator: 0 issues, 0 console, 26 reqs (0 >=400), useful 7%, words 28
readiness-1440x900-light-operator: 0 issues, 0 console, 31 reqs (0 >=400), useful 19.2%, words 158
engineering-1440x900-light-engineering-locked: 0 issues, 0 console, 25 reqs (0 >=400), useful 7%, words 21
dashboard-1440x900-dark-operator: 0 issues, 0 console, 27 reqs (0 >=400), useful 14.5%, words 514
meters-1440x900-dark-operator: 0 issues, 0 console, 27 reqs (0 >=400), useful 6%, words 169
inverters-1440x900-dark-operator: 0 issues, 0 console, 31 reqs (0 >=400), useful 4.5%, words 178
control-1440x900-dark-operator: 0 issues, 0 console, 26 reqs (0 >=400), useful 7%, words 28
alarms-1440x900-dark-operator: 0 issues, 0 console, 25 reqs (0 >=400), useful 20.9%, words 1261
wifi-1440x900-dark-operator: 0 issues, 0 console, 25 reqs (0 >=400), useful 7%, words 28
system-1440x900-dark-operator: 0 issues, 0 console, 26 reqs (0 >=400), useful 7%, words 28
commissioning-1440x900-dark-operator: 0 issues, 0 console, 26 reqs (0 >=400), useful 7%, words 28
readiness-1440x900-dark-operator: 0 issues, 0 console, 31 reqs (0 >=400), useful 19.2%, words 158
engineering-1440x900-dark-engineering-locked: 0 issues, 0 console, 24 reqs (0 >=400), useful 7%, words 21
dashboard-1920x1080-light-operator: 0 issues, 0 console, 27 reqs (0 >=400), useful 11%, words 514
meters-1920x1080-light-operator: 0 issues, 0 console, 26 reqs (0 >=400), useful 5.2%, words 169
inverters-1920x1080-light-operator: 0 issues, 0 console, 29 reqs (0 >=400), useful 4%, words 178
control-1920x1080-light-operator: 0 issues, 0 console, 25 reqs (0 >=400), useful 4.4%, words 28
alarms-1920x1080-light-operator: 0 issues, 0 console, 25 reqs (0 >=400), useful 21.3%, words 1261
wifi-1920x1080-light-operator: 0 issues, 0 console, 25 reqs (0 >=400), useful 4.4%, words 28
system-1920x1080-light-operator: 0 issues, 0 console, 25 reqs (0 >=400), useful 4.4%, words 28
commissioning-1920x1080-light-operator: 0 issues, 0 console, 25 reqs (0 >=400), useful 4.4%, words 28
readiness-1920x1080-light-operator: 0 issues, 0 console, 30 reqs (0 >=400), useful 13.6%, words 158
engineering-1920x1080-light-engineering-locked: 0 issues, 0 console, 24 reqs (0 >=400), useful 4.4%, words 21
dashboard-1920x1080-dark-operator: 0 issues, 0 console, 26 reqs (0 >=400), useful 11%, words 514
meters-1920x1080-dark-operator: 0 issues, 0 console, 26 reqs (0 >=400), useful 5.2%, words 169
inverters-1920x1080-dark-operator: 0 issues, 0 console, 29 reqs (0 >=400), useful 4%, words 178
control-1920x1080-dark-operator: 0 issues, 0 console, 25 reqs (0 >=400), useful 4.4%, words 28
alarms-1920x1080-dark-operator: 0 issues, 0 console, 25 reqs (0 >=400), useful 21.3%, words 1261
wifi-1920x1080-dark-operator: 0 issues, 0 console, 25 reqs (0 >=400), useful 4.4%, words 28
system-1920x1080-dark-operator: 0 issues, 0 console, 25 reqs (0 >=400), useful 4.4%, words 28
commissioning-1920x1080-dark-operator: 0 issues, 0 console, 25 reqs (0 >=400), useful 4.4%, words 28
readiness-1920x1080-dark-operator: 0 issues, 0 console, 30 reqs (0 >=400), useful 13.6%, words 158
engineering-1920x1080-dark-engineering-locked: 0 issues, 0 console, 24 reqs (0 >=400), useful 4.4%, words 21
dashboard-1024x768-light-operator: 0 issues, 0 console, 26 reqs (0 >=400), useful 13.1%, words 514
meters-1024x768-light-operator: 0 issues, 0 console, 26 reqs (0 >=400), useful 9.9%, words 169
inverters-1024x768-light-operator: 0 issues, 0 console, 31 reqs (0 >=400), useful 7.2%, words 178
control-1024x768-light-operator: 0 issues, 0 console, 25 reqs (0 >=400), useful 11.4%, words 28
alarms-1024x768-light-operator: 0 issues, 0 console, 25 reqs (0 >=400), useful 23.9%, words 1261
wifi-1024x768-light-operator: 0 issues, 13 console, 32 reqs (0 >=400), useful 11.4%, words 28
system-1024x768-light-operator: ERROR TimeoutError: page.goto: Timeout 45000ms exceeded.
Call log:
[2m  - navigating to "http://192.168.100.14/#/system", waiting until "domconte
