Adding "flash"'s dependency "all" to list of commands with default set of options.
Executing action: all (aliases: build)
Running ninja in directory /Users/israrulhaq/Desktop/DEV/esp32_firmware_dev_validation/build
Executing "ninja all"...
[1/4] cd /Users/israrulhaq/Desktop/DEV/esp32_firmware_dev_validation/build && /Users/israrulhaq/.espressif/python_env/idf6.0_py3.14_env/bin/python /Users/israrulhaq/esp/esp-idf-v6.0.1/components/partition_table/check_sizes.py --offset 0x8000 partition --type app /Users/israrulhaq/Desktop/DEV/esp32_firmware_dev_validation/build/partition_table/partition-table.bin /Users/israrulhaq/Desktop/DEV/esp32_firmware_dev_validation/build/automatrix_pvdg.bin
automatrix_pvdg.bin binary size 0x1acdd0 bytes. Smallest app partition is 0x300000 bytes. 0x153230 bytes (44%) free.
[2/4] Performing build step for 'bootloader'
[1/1] cd /Users/israrulhaq/Desktop/DEV/esp32_firmware_dev_validation/build/bootloader && /Users/israrulhaq/.espressif/python_env/idf6.0_py3.14_env/bin/python /Users/israrulhaq/esp/esp-idf-v6.0.1/components/partition_table/check_sizes.py --offset 0x8000 bootloader 0x0 /Users/israrulhaq/Desktop/DEV/esp32_firmware_dev_validation/build/bootloader/bootloader.bin
Bootloader binary size 0x5290 bytes. 0x2d70 bytes (35%) free.
[3/4] No install step for 'bootloader'
[4/4] Completed 'bootloader'
Executing action: flash
Running ninja in directory /Users/israrulhaq/Desktop/DEV/esp32_firmware_dev_validation/build
Executing "ninja flash"...
[1/5] cd /Users/israrulhaq/Desktop/DEV/esp32_firmware_dev_validation/build && /Users/israrulhaq/.espressif/python_env/idf6.0_py3.14_env/bin/python /Users/israrulhaq/esp/esp-idf-v6.0.1/components/partition_table/check_sizes.py --offset 0x8000 partition --type app /Users/israrulhaq/Desktop/DEV/esp32_firmware_dev_validation/build/partition_table/partition-table.bin /Users/israrulhaq/Desktop/DEV/esp32_firmware_dev_validation/build/automatrix_pvdg.bin
automatrix_pvdg.bin binary size 0x1acdd0 bytes. Smallest app partition is 0x300000 bytes. 0x153230 bytes (44%) free.
[2/5] Performing build step for 'bootloader'
[1/1] cd /Users/israrulhaq/Desktop/DEV/esp32_firmware_dev_validation/build/bootloader && /Users/israrulhaq/.espressif/python_env/idf6.0_py3.14_env/bin/python /Users/israrulhaq/esp/esp-idf-v6.0.1/components/partition_table/check_sizes.py --offset 0x8000 bootloader 0x0 /Users/israrulhaq/Desktop/DEV/esp32_firmware_dev_validation/build/bootloader/bootloader.bin
Bootloader binary size 0x5290 bytes. 0x2d70 bytes (35%) free.
[3/5] No install step for 'bootloader'
[4/5] Completed 'bootloader'
[4/5] Running utility command for flash
esptool --chip esp32s3 -p /dev/cu.usbmodem11101 -b 460800 --before=default-reset --after=hard-reset write-flash --flash-mode dio --flash-freq 80m --flash-size 16MB 0x0 bootloader/bootloader.bin 0x8000 partition_table/partition-table.bin 0xf000 ota_data_initial.bin 0x20000 automatrix_pvdg.bin
esptool v5.3.1
Serial port /dev/cu.usbmodem11101:
Connecting...
Connected to ESP32-S3 on /dev/cu.usbmodem11101:
Chip type:          ESP32-S3 (QFN56) (revision v0.2)
Features:           Wi-Fi, BT 5 (LE), Dual Core + LP Core, 240MHz, Embedded PSRAM 8MB (AP_3v3)
Crystal frequency:  40MHz
USB mode:           USB-Serial/JTAG
MAC:                9c:13:9e:af:c3:b0

Uploading stub flasher...
Running stub flasher...
Stub flasher running.
Changing baud rate to 460800...
Changed.

Configuring flash size...

Writing 'bootloader/bootloader.bin' at 0x00000000...
SHA digest in image updated.
Flash will be erased from 0x00000000 to 0x00005fff...
Compressed 21136 bytes to 13596...

Writing at 0x00000000 [                              ]   0.0% 0/13596 bytes...

Writing at 0x00005290 [==============================] 100.0% 13596/13596 bytes...
Wrote 21136 bytes (13596 compressed) at 0x00000000 in 0.2 seconds (824.3 kbit/s).
Verifying written data...
Hash of data verified.

Writing 'partition_table/partition-table.bin' at 0x00008000...
Flash will be erased from 0x00008000 to 0x00008fff...
Compressed 3072 bytes to 145...

Writing at 0x00008000 [                              ]   0.0% 0/145 bytes...

Writing at 0x00008c00 [==============================] 100.0% 145/145 bytes...
Wrote 3072 bytes (145 compressed) at 0x00008000 in 0.0 seconds (1063.8 kbit/s).
Verifying written data...
Hash of data verified.

Writing 'ota_data_initial.bin' at 0x0000f000...
Flash will be erased from 0x0000f000 to 0x00010fff...
Compressed 8192 bytes to 31...

Writing at 0x0000f000 [                              ]   0.0% 0/31 bytes...

Writing at 0x00011000 [==============================] 100.0% 31/31 bytes...
Wrote 8192 bytes (31 compressed) at 0x0000f000 in 0.0 seconds (1773.0 kbit/s).
Verifying written data...
Hash of data verified.

Writing 'automatrix_pvdg.bin' at 0x00020000...
Flash will be erased from 0x00020000 to 0x001ccfff...
Compressed 1756624 bytes to 809812...

Writing at 0x00020000 [                              ]   0.0% 0/809812 bytes...

Writing at 0x0002c65a [                              ]   2.0% 16384/809812 bytes...

Writing at 0x000396a9 [>                             ]   4.0% 32768/809812 bytes...

Writing at 0x00047abf [>                             ]   6.1% 49152/809812 bytes...

Writing at 0x0005ddf8 [=>                            ]   8.1% 65536/809812 bytes...

Writing at 0x00070c2a [==>                           ]  10.1% 81920/809812 bytes...

Writing at 0x0008149e [==>                           ]  12.1% 98304/809812 bytes...

Writing at 0x00094025 [===>                          ]  14.2% 114688/809812 bytes...

Writing at 0x000a51df [===>                          ]  16.2% 131072/809812 bytes...

Writing at 0x000b6319 [====>                         ]  18.2% 147456/809812 bytes...

Writing at 0x000c9205 [=====>                        ]  20.2% 163840/809812 bytes...

Writing at 0x000dc653 [=====>                        ]  22.3% 180224/809812 bytes...

Writing at 0x000ee8a9 [======>                       ]  24.3% 196608/809812 bytes...

Writing at 0x000f5a35 [======>                       ]  26.3% 212992/809812 bytes...

Writing at 0x00100ce4 [=======>                      ]  28.3% 229376/809812 bytes...

Writing at 0x001071ce [========>                     ]  30.3% 245760/809812 bytes...

Writing at 0x0010d7bb [========>                     ]  32.4% 262144/809812 bytes...

Writing at 0x0011383d [=========>                    ]  34.4% 278528/809812 bytes...

Writing at 0x0011988f [=========>                    ]  36.4% 294912/809812 bytes...

Writing at 0x0011fe67 [==========>                   ]  38.4% 311296/809812 bytes...

Writing at 0x00125c06 [===========>                  ]  40.5% 327680/809812 bytes...

Writing at 0x0012bc93 [===========>                  ]  42.5% 344064/809812 bytes...

Writing at 0x00131d42 [============>                 ]  44.5% 360448/809812 bytes...

Writing at 0x00137900 [============>                 ]  46.5% 376832/809812 bytes...

Writing at 0x0013d5bd [=============>                ]  48.6% 393216/809812 bytes...

Writing at 0x00143098 [==============>               ]  50.6% 409600/809812 bytes...

Writing at 0x00148e9c [==============>               ]  52.6% 425984/809812 bytes...

Writing at 0x0014ec89 [===============>              ]  54.6% 442368/809812 bytes...

Writing at 0x001544f7 [===============>              ]  56.6% 458752/809812 bytes...

Writing at 0x001599af [================>             ]  58.7% 475136/809812 bytes...

Writing at 0x0015eea1 [=================>            ]  60.7% 491520/809812 bytes...

Writing at 0x0016483e [=================>            ]  62.7% 507904/809812 bytes...

Writing at 0x00169bc8 [==================>           ]  64.7% 524288/809812 bytes...

Writing at 0x0016edc8 [===================>          ]  66.8% 540672/809812 bytes...

Writing at 0x00174166 [===================>          ]  68.8% 557056/809812 bytes...

Writing at 0x0017997f [====================>         ]  70.8% 573440/809812 bytes...

Writing at 0x0017ef64 [====================>         ]  72.8% 589824/809812 bytes...

Writing at 0x00184493 [=====================>        ]  74.9% 606208/809812 bytes...

Writing at 0x00189982 [======================>       ]  76.9% 622592/809812 bytes...

Writing at 0x0018f4d6 [======================>       ]  78.9% 638976/809812 bytes...

Writing at 0x00194ec8 [=======================>      ]  80.9% 655360/809812 bytes...

Writing at 0x0019a962 [=======================>      ]  83.0% 671744/809812 bytes...

Writing at 0x001a051a [========================>     ]  85.0% 688128/809812 bytes...

Writing at 0x001a64c3 [=========================>    ]  87.0% 704512/809812 bytes...

Writing at 0x001ac105 [=========================>    ]  89.0% 720896/809812 bytes...

Writing at 0x001b1d80 [==========================>   ]  91.0% 737280/809812 bytes...

Writing at 0x001b8827 [==========================>   ]  93.1% 753664/809812 bytes...

Writing at 0x001bebaf [===========================>  ]  95.1% 770048/809812 bytes...

Writing at 0x001c4f17 [============================> ]  97.1% 786432/809812 bytes...

Writing at 0x001c9edb [============================> ]  99.1% 802816/809812 bytes...

Writing at 0x001ccdd0 [==============================] 100.0% 809812/809812 bytes...
Wrote 1756624 bytes (809812 compressed) at 0x00020000 in 9.0 seconds (1564.7 kbit/s).
Verifying written data...
Hash of data verified.

Hard resetting via RTS pin...
Done
