Adding "flash"'s dependency "all" to list of commands with default set of options.
Executing action: all (aliases: build)
Running ninja in directory /Users/israrulhaq/Desktop/DEV/esp32_firmware/build
Executing "ninja all"...
[1/4] cd /Users/israrulhaq/Desktop/DEV/esp32_firmware/build && /Users/israrulhaq/.espressif/python_env/idf6.0_py3.14_env/bin/python /Users/israrulhaq/esp/esp-idf-v6.0.1/components/partition_table/check_sizes.py --offset 0x8000 partition --type app /Users/israrulhaq/Desktop/DEV/esp32_firmware/build/partition_table/partition-table.bin /Users/israrulhaq/Desktop/DEV/esp32_firmware/build/automatrix_pvdg.bin
automatrix_pvdg.bin binary size 0x181090 bytes. Smallest app partition is 0x300000 bytes. 0x17ef70 bytes (50%) free.
[2/4] Performing build step for 'bootloader'
[1/1] cd /Users/israrulhaq/Desktop/DEV/esp32_firmware/build/bootloader && /Users/israrulhaq/.espressif/python_env/idf6.0_py3.14_env/bin/python /Users/israrulhaq/esp/esp-idf-v6.0.1/components/partition_table/check_sizes.py --offset 0x8000 bootloader 0x0 /Users/israrulhaq/Desktop/DEV/esp32_firmware/build/bootloader/bootloader.bin
Bootloader binary size 0x5240 bytes. 0x2dc0 bytes (36%) free.
[3/4] No install step for 'bootloader'
[4/4] Completed 'bootloader'
Executing action: flash
Running ninja in directory /Users/israrulhaq/Desktop/DEV/esp32_firmware/build
Executing "ninja flash"...
[1/5] cd /Users/israrulhaq/Desktop/DEV/esp32_firmware/build && /Users/israrulhaq/.espressif/python_env/idf6.0_py3.14_env/bin/python /Users/israrulhaq/esp/esp-idf-v6.0.1/components/partition_table/check_sizes.py --offset 0x8000 partition --type app /Users/israrulhaq/Desktop/DEV/esp32_firmware/build/partition_table/partition-table.bin /Users/israrulhaq/Desktop/DEV/esp32_firmware/build/automatrix_pvdg.bin
automatrix_pvdg.bin binary size 0x181090 bytes. Smallest app partition is 0x300000 bytes. 0x17ef70 bytes (50%) free.
[2/5] Performing build step for 'bootloader'
[1/1] cd /Users/israrulhaq/Desktop/DEV/esp32_firmware/build/bootloader && /Users/israrulhaq/.espressif/python_env/idf6.0_py3.14_env/bin/python /Users/israrulhaq/esp/esp-idf-v6.0.1/components/partition_table/check_sizes.py --offset 0x8000 bootloader 0x0 /Users/israrulhaq/Desktop/DEV/esp32_firmware/build/bootloader/bootloader.bin
Bootloader binary size 0x5240 bytes. 0x2dc0 bytes (36%) free.
[3/5] No install step for 'bootloader'
[4/5] Completed 'bootloader'
[4/5] Running utility command for flash
esptool --chip esp32s3 -p /dev/cu.usbmodem11101 -b 460800 --before=default-reset --after=hard-reset write-flash --flash-mode dio --flash-freq 80m --flash-size 16MB 0x0 bootloader/bootloader.bin 0x8000 partition_table/partition-table.bin 0xf000 ota_data_initial.bin 0x20000 automatrix_pvdg.bin
esptool v5.3.1
Serial port /dev/cu.usbmodem11101:
Connecting...
Connected to ESP32-S3 on /dev/cu.usbmodem11101:
Chip type:          ESP32-S3 (QFN56) (revision v0.2)
Features:           Wi-Fi, BT 5 (LE), Dual Core + LP Core, 240MHz, Embedded PSRAM 8MB (AP_3v3)
Crystal frequency:  40MHz
USB mode:           USB-Serial/JTAG
MAC:                9c:13:9e:af:c3:b0

Uploading stub flasher...
Running stub flasher...
Stub flasher running.
Changing baud rate to 460800...
Changed.

Configuring flash size...

Writing 'bootloader/bootloader.bin' at 0x00000000...
SHA digest in image updated.
Flash will be erased from 0x00000000 to 0x00005fff...
Compressed 21056 bytes to 13535...

Writing at 0x00000000 [                              ]   0.0% 0/13535 bytes...

Writing at 0x00005240 [==============================] 100.0% 13535/13535 bytes...
Wrote 21056 bytes (13535 compressed) at 0x00000000 in 0.2 seconds (815.0 kbit/s).
Verifying written data...
Hash of data verified.

Writing 'partition_table/partition-table.bin' at 0x00008000...
Flash will be erased from 0x00008000 to 0x00008fff...
Compressed 3072 bytes to 145...

Writing at 0x00008000 [                              ]   0.0% 0/145 bytes...

Writing at 0x00008c00 [==============================] 100.0% 145/145 bytes...
Wrote 3072 bytes (145 compressed) at 0x00008000 in 0.0 seconds (1154.0 kbit/s).
Verifying written data...
Hash of data verified.

Writing 'ota_data_initial.bin' at 0x0000f000...
Flash will be erased from 0x0000f000 to 0x00010fff...
Compressed 8192 bytes to 31...

Writing at 0x0000f000 [                              ]   0.0% 0/31 bytes...

Writing at 0x00011000 [==============================] 100.0% 31/31 bytes...
Wrote 8192 bytes (31 compressed) at 0x0000f000 in 0.0 seconds (1839.6 kbit/s).
Verifying written data...
Hash of data verified.

Writing 'automatrix_pvdg.bin' at 0x00020000...
Flash will be erased from 0x00020000 to 0x001a1fff...
Compressed 1577104 bytes to 758793...

Writing at 0x00020000 [                              ]   0.0% 0/758793 bytes...

Writing at 0x0002c5b0 [                              ]   2.2% 16384/758793 bytes...

Writing at 0x00038a58 [>                             ]   4.3% 32768/758793 bytes...

Writing at 0x000493a6 [>                             ]   6.5% 49152/758793 bytes...

Writing at 0x0005d9fc [=>                            ]   8.6% 65536/758793 bytes...

Writing at 0x0006ec83 [==>                           ]  10.8% 81920/758793 bytes...

Writing at 0x00080dea [==>                           ]  13.0% 98304/758793 bytes...

Writing at 0x000924f1 [===>                          ]  15.1% 114688/758793 bytes...

Writing at 0x000a3c7e [====>                         ]  17.3% 131072/758793 bytes...

Writing at 0x000b6c93 [====>                         ]  19.4% 147456/758793 bytes...

Writing at 0x000c9428 [=====>                        ]  21.6% 163840/758793 bytes...

Writing at 0x000d0372 [======>                       ]  23.8% 180224/758793 bytes...

Writing at 0x000dc01e [======>                       ]  25.9% 196608/758793 bytes...

Writing at 0x000e24b6 [=======>                      ]  28.1% 212992/758793 bytes...

Writing at 0x000e8719 [========>                     ]  30.2% 229376/758793 bytes...

Writing at 0x000ee80b [========>                     ]  32.4% 245760/758793 bytes...

Writing at 0x000f4941 [=========>                    ]  34.5% 262144/758793 bytes...

Writing at 0x000fac0e [==========>                   ]  36.7% 278528/758793 bytes...

Writing at 0x00100e69 [==========>                   ]  38.9% 294912/758793 bytes...

Writing at 0x00106cce [===========>                  ]  41.0% 311296/758793 bytes...

Writing at 0x0010ce19 [===========>                  ]  43.2% 327680/758793 bytes...

Writing at 0x00112927 [============>                 ]  45.3% 344064/758793 bytes...

Writing at 0x00118772 [=============>                ]  47.5% 360448/758793 bytes...

Writing at 0x0011e3ba [=============>                ]  49.7% 376832/758793 bytes...

Writing at 0x00123f80 [==============>               ]  51.8% 393216/758793 bytes...

Writing at 0x00129bfd [===============>              ]  54.0% 409600/758793 bytes...

Writing at 0x0012f31b [===============>              ]  56.1% 425984/758793 bytes...

Writing at 0x001347b1 [================>             ]  58.3% 442368/758793 bytes...

Writing at 0x00139dc7 [=================>            ]  60.5% 458752/758793 bytes...

Writing at 0x0013f5f6 [=================>            ]  62.6% 475136/758793 bytes...

Writing at 0x00144a14 [==================>           ]  64.8% 491520/758793 bytes...

Writing at 0x00149bbf [===================>          ]  66.9% 507904/758793 bytes...

Writing at 0x0014f1f4 [===================>          ]  69.1% 524288/758793 bytes...

Writing at 0x00154a06 [====================>         ]  71.3% 540672/758793 bytes...

Writing at 0x00159f54 [=====================>        ]  73.4% 557056/758793 bytes...

Writing at 0x0015f282 [=====================>        ]  75.6% 573440/758793 bytes...

Writing at 0x001647fe [======================>       ]  77.7% 589824/758793 bytes...

Writing at 0x0016a777 [======================>       ]  79.9% 606208/758793 bytes...

Writing at 0x0016ffed [=======================>      ]  82.1% 622592/758793 bytes...

Writing at 0x00175a62 [========================>     ]  84.2% 638976/758793 bytes...

Writing at 0x0017b59a [========================>     ]  86.4% 655360/758793 bytes...

Writing at 0x00181435 [=========================>    ]  88.5% 671744/758793 bytes...

Writing at 0x001872b4 [==========================>   ]  90.7% 688128/758793 bytes...

Writing at 0x0018d2da [==========================>   ]  92.8% 704512/758793 bytes...

Writing at 0x00193b30 [===========================>  ]  95.0% 720896/758793 bytes...

Writing at 0x00199bc4 [============================> ]  97.2% 737280/758793 bytes...

Writing at 0x0019ebce [============================> ]  99.3% 753664/758793 bytes...

Writing at 0x001a1090 [==============================] 100.0% 758793/758793 bytes...
Wrote 1577104 bytes (758793 compressed) at 0x00020000 in 8.1 seconds (1551.8 kbit/s).
Verifying written data...
Hash of data verified.

Hard resetting via RTS pin...
Done
