ESP-ROM:esp32s3-20210327
Build:Mar 27 2021
rst:0x15 (USB_UART_CHIP_RESET),boot:0x8 (SPI_FAST_FLASH_BOOT)
Saved PC:0x4037b2fa
SPIWP:0xee
mode:DIO, clock div:1
load:0x3fce2820,len:0x14f0
load:0x403c8700,len:0xda0
load:0x403cb700,len:0x2f58
entry 0x403c8908
I (24) boot: ESP-IDF v6.0.1 2nd stage bootloader
I (24) boot: compile time Jul 29 2026 12:12:45
I (25) boot: Multicore bootloader
I (25) boot: chip revision: v0.2
I (27) boot: efuse block revision: v1.3
I (31) boot.esp32s3: Boot SPI Speed : 80MHz
I (35) boot.esp32s3: SPI Mode       : DIO
I (39) boot.esp32s3: SPI Flash Size : 16MB
I (43) boot: Enabling RNG early entropy source...
I (47) boot: Partition Table:
I (50) boot: ## Label            Usage          Type ST Offset   Length
I (56) boot:  0 nvs              WiFi data        01 02 00009000 00006000
I (62) boot:  1 otadata          OTA data         01 00 0000f000 00002000
I (69) boot:  2 phy_init         RF data          01 01 00011000 00001000
I (75) boot:  3 ota_0            OTA app          00 10 00020000 00300000
I (82) boot:  4 ota_1            OTA app          00 11 00320000 00300000
I (89) boot:  5 storage          Unknown data     01 82 00620000 001e0000
I (95) boot: End of partition table
I (98) esp_image: segment 0: paddr=00020020 vaddr=3c0b0020 size=a0c48h (658504) map
I (224) esp_image: segment 1: paddr=000c0c70 vaddr=3fc97900 size=05120h ( 20768) load
I (229) esp_image: segment 2: paddr=000c5d98 vaddr=40374000 size=0a280h ( 41600) load
I (238) esp_image: segment 3: paddr=000d0020 vaddr=42000020 size=ab5b4h (701876) map
I (364) esp_image: segment 4: paddr=0017b5dc vaddr=4037e280 size=095c4h ( 38340) load
I (373) esp_image: segment 5: paddr=00184ba8 vaddr=50000000 size=00024h (    36) load
I (382) boot: Loaded app from partition at offset 0x20000
I (382) boot: Disabling RNG early entropy source...
I (393) cpu_start: Multicore app
I (401) cpu_start: GPIO 44 and 43 are used as console UART I/O pins
I (402) cpu_start: Pro cpu start user code
I (402) cpu_start: cpu freq: 240000000 Hz
I (404) app_init: Application information:
I (407) app_init: Project name:     automatrix_pvdg
I (412) app_init: App version:      d71cb03
I (416) app_init: Compile time:     Jul 29 2026 12:12:04
I (421) app_init: ELF file SHA256:  bc3dbc280...
I (425) app_init: ESP-IDF:          v6.0.1
I (429) efuse_init: Min chip rev:     v0.0
I (433) efuse_init: Max chip rev:     v0.99 
I (437) efuse_init: Chip rev:         v0.2
I (441) heap_init: Initializing. RAM available for dynamic allocation:
I (447) heap_init: At 3FCADD20 len 0003B9F0 (238 KiB): RAM
I (452) heap_init: At 3FCE9710 len 00005724 (21 KiB): RAM
I (457) heap_init: At 3FCF0000 len 00008000 (32 KiB): DRAM
I (462) heap_init: At 600FE000 len 00001FE8 (7 KiB): RTCRAM
I (469) spi_flash: detected chip: boya
I (471) spi_flash: flash io: dio
I (475) sleep_gpio: Configure to isolate all GPIO pins in sleep state
I (481) sleep_gpio: Enable automatic switching of GPIO sleep configuration
I (488) main_task: Started on CPU0
I (498) main_task: Calling app_main()
I (498) app_core: Initializing configuration
I (518) solar_grid_cfg: Loaded persisted Solar-Grid policy 'minimum_import'; explicit grid evidence not configured
I (518) app_core: Initializing network
I (528) wifi_manager: Profiles: primary 'Automatrix-4G', fallback '' (disabled), recovery AP 'Automatrix-PVDG-Setup'
I (538) pp: pp rom version: e7ae62f
I (538) net80211: net80211 rom version: e7ae62f
I (538) main_task: Returned from app_main()
I (548) wifi:wifi driver task: 3fcb5748, prio:23, stack:6656, core=0
I (558) wifi:wifi firmware version: b37c951
I (558) wifi:wifi certification version: v7.0
I (558) wifi:config NVS flash: enabled
I (558) wifi:config nano formatting: disabled
I (568) wifi:Init data frame dynamic rx buffer num: 32
I (568) wifi:Init static rx mgmt buffer num: 5
I (578) wifi:Init management short buffer num: 32
I (578) wifi:Init dynamic tx buffer num: 32
I (588) wifi:Init static tx FG buffer num: 2
I (588) wifi:Init static rx buffer size: 1600
I (588) wifi:Init static rx buffer num: 10
I (598) wifi:Init dynamic rx buffer num: 32
I (598) wifi_init: rx ba win: 6
I (598) wifi_init: accept mbox: 6
I (608) wifi_init: tcpip mbox: 32
I (608) wifi_init: udp mbox: 6
I (608) wifi_init: tcp mbox: 6
I (618) wifi_init: tcp tx win: 5760
I (618) wifi_init: tcp rx win: 5760
I (618) wifi_init: tcp mss: 1440
I (628) wifi_init: WiFi IRAM OP enabled
I (628) wifi_init: WiFi RX IRAM OP enabled
I (628) phy_init: phy_version 711,97bcf0a2,Aug 25 2025,19:04:10
I (668) wifi:mode : sta (3c:0f:02:d9:8e:1c)
I (668) wifi:enable tsf
W (678) meters: Grid Meter legacy EM500 scale 0.01000000 normalized to 0.00001000 kW/raw
W (678) control: Automatic Solar-Grid control remains fail-closed: explicit grid availability and breaker evidence are not configured
W (688) engineering_auth: Engineering password is not configured
W (688) engineering_auth: One-time Engineering setup code: SETUP-<redacted>
W (698) engineering_auth: Sign in with this serial-console code and immediately set a permanent password
I (708) em500_cache: background acquisition cache started
I (718) meter_read_jobs: bounded background read-job queue started
I (718) app_main: Bootstrap stack headroom: 10204 bytes of 12288; free heap 173896 bytes (min 173896)
I (728) app_main: PV-DG controller started
I (5178) wifi_manager: Scan found 15 APs; primary 'Automatrix-4G' visible, fallback '(disabled)' not visible
W (5178) wifi:Password length matches WPA2 standards, authmode threshold changes from OPEN to WPA2
I (5178) wifi_manager: Connecting to primary SSID 'Automatrix-4G' using DHCP
W (5678) meters: Grid Meter: network unavailable or no route to host (ESP_ERR_INVALID_STATE) reading 192.168.0.200:502 [failure 1]
I (7668) wifi:new:<11,0>, old:<1,0>, ap:<255,255>, sta:<11,0>, prof:1, snd_ch_cfg:0x0
I (7668) wifi:state: init -> auth (0xb0)
I (8668) wifi:state: auth -> init (0x200)
I (8668) wifi:new:<11,0>, old:<11,0>, ap:<255,255>, sta:<11,0>, prof:1, snd_ch_cfg:0x0
W (8668) wifi_manager: Disconnected from primary profile, reason=2; retry 1/5
W (11088) wifi_manager: Disconnected from primary profile, reason=205; retry 2/5
I (13498) wifi:new:<11,0>, old:<11,0>, ap:<255,255>, sta:<11,0>, prof:1, snd_ch_cfg:0x0
I (13498) wifi:state: init -> auth (0xb0)
I (13518) wifi:state: auth -> assoc (0x0)
I (13518) wifi:state: assoc -> run (0x10)
I (13548) wifi:connected with Automatrix-4G, aid = 3, channel 11, BW20, bssid = 72:4e:6b:9a:8f:d0
I (13548) wifi:security: WPA2-PSK, phy: bgn, rssi: -52, cipher(pairwise:0x3, group:0x1), pmf:0
I (13558) wifi:pm start, type: 1

I (13558) wifi:dp: 1, bi: 102400, li: 3, scale listen interval from 307200 us to 307200 us
I (13568) wifi:set rx beacon pti, rx_bcn_pti: 0, bcn_timeout: 25000, mt_pti: 0, mt_time: 10000
I (13638) wifi:AP's beacon interval = 102400 us, DTIM period = 1
I (16738) esp_netif_handlers: sta ip: 192.168.100.14, mask: 255.255.255.0, gw: 192.168.100.1
I (16738) wifi_manager: Ready: SSID=Automatrix-4G IP=192.168.100.14 GW=192.168.100.1 MASK=255.255.255.0 RSSI=-52
W (22268) meters: Grid Meter communication degraded: 0% success over 5 requests; control input blocked
